21:52:44 **** Incremental Build of configuration Debug for project excercises ****
make -j8 all 
arm-none-eabi-gcc "../Src/main.c" -mcpu=cortex-m4 -std=gnu11 -g3 -DSTM32 -DSTM32F303K8Tx -DNUCLEO_F303K8 -DSTM32F3 -DDEBUG -c -I../Inc -I"C:/F3 Practices/Exercises/excercises/Drivers/Inc" -O0 -ffunction-sections -fdata-sections -Wall -fstack-usage -MMD -MP -MF"Src/main.d" -MT"Src/main.o" --specs=nano.specs -mfloat-abi=soft -mthumb -o "Src/main.o"
arm-none-eabi-gcc -o "excercises.elf" @"objects.list"   -mcpu=cortex-m4 -T"C:\F3 Practices\Exercises\excercises\STM32F303K8TX_FLASH.ld" --specs=nosys.specs -Wl,-Map="excercises.map" -Wl,--gc-sections -static --specs=nano.specs -mfloat-abi=soft -mthumb -Wl,--start-group -lc -lm -Wl,--end-group
Finished building target: excercises.elf
 
arm-none-eabi-objdump -h -S  excercises.elf  > "excercises.list"
arm-none-eabi-objcopy  -O binary  excercises.elf  "excercises.bin"
arm-none-eabi-size   excercises.elf 
   text	   data	    bss	    dec	    hex	filename
   1204	      8	   1568	   2780	    adc	excercises.elf
Finished building: default.size.stdout
 
Finished building: excercises.bin
Finished building: excercises.list
 
 

21:52:45 Build Finished. 0 errors, 0 warnings. (took 690ms)

